node:internal/modules/run_main:107
    triggerUncaughtException(
    ^

locator.click: Timeout 90000ms exceeded.
Call log:
[2m  - waiting for getByRole('button', { name: 'Voicemail' })[22m
[2m    - locator resolved to <button type="button" data-name="voicemail" data-example="examples/voicemail.wav" data-transcript="examples/voicemail.json">Voicemail</button>[22m
[2m  - attempting click action[22m
[2m    - waiting for element to be visible, enabled and stable[22m

    at runExample (C:\Parag\github\cleanroom-ai\audio-pii-redaction\tests\e2e.browser.mjs:22:46)
    at async file:///C:/Parag/github/cleanroom-ai/audio-pii-redaction/tests/e2e.browser.mjs:31:3 {
  log: [
    "  - waiting for getByRole('button', { name: 'Voicemail' })",
    '    - locator resolved to <button type="button" data-name="voicemail" data-example="examples/voicemail.wav" data-transcript="examples/voicemail.json">Voicemail</button>',
    '  - attempting click action',
    '    - waiting for element to be visible, enabled and stable'
  ],
  name: 'TimeoutError'
}

Node.js v24.14.0
